// Jest Snapshot v1, https://goo.gl/fbAQLP

exports[`Pruebas en <RealExampleRef /> debe de mostrarse correctamente 1`] = `
<div>
  <h1>
    Real Example 'useRef'
  </h1>
  <hr />
  <button
    className="btn btn-warning mt-3"
    onClick={[Function]}
  >
    Show | Hide
  </button>
</div>
`;
